// Jest Snapshot v1, https://goo.gl/fbAQLP

exports[`PensionDetail renders correctly 1`] = `
<div
  className="container"
>
  <div>
    <h2>
      Pension detail
    </h2>
  </div>
  <form
    className=""
    onSubmit={[Function]}
  >
    <div
      className="formGroup form-group"
      id="name"
    >
      <label
        className="form-label"
        htmlFor="nameInput"
      >
        Name*
      </label>
      <input
        className="form-control"
        id="nameInput"
        onChange={[Function]}
        placeholder="Enter name"
        type="text"
      />
      <div
        className="formError invalid-tooltip"
      />
    </div>
    <div
      className="formGroup form-group"
      id="amount"
    >
      <label
        className="form-label"
        htmlFor="amountInput"
      >
        Insured Amount*
      </label>
      <input
        className="form-control"
        id="amountInput"
        onChange={[Function]}
        placeholder="Enter amount"
        type="text"
      />
      <div
        className="formError invalid-tooltip"
      />
    </div>
    <div
      className="formGroup form-group"
      id="age"
    >
      <label
        className="form-label"
        htmlFor="ageInput"
      >
        Age*
      </label>
      <select
        className="form-control"
        defaultValue="Choose..."
        id="ageInput"
        onChange={[Function]}
      >
        <option>
          Choose...
        </option>
        <option
          value="21-40"
        >
          Between 21 - 40
        </option>
        <option
          value="41-60"
        >
          Between 41 - 60
        </option>
        <option
          value="61-"
        >
          Above 60
        </option>
      </select>
      <div
        className="formError invalid-tooltip"
      />
    </div>
    <div
      className="checklist form-group"
      id="smokerCheck"
    >
      <div
        className="form-check"
      >
        <input
          checked={false}
          className="form-check-input"
          disabled={false}
          id="smokerInput"
          onChange={[Function]}
          type="checkbox"
        />
        <label
          className="form-check-label"
          htmlFor="smokerInput"
          title=""
        >
          Are you a smoker?
        </label>
      </div>
    </div>
    <div
      className="checklist form-group"
      id="alcoholCheck"
      name="alcoholCheck"
    >
      <div
        className="form-check"
      >
        <input
          checked={false}
          className="form-check-input"
          disabled={false}
          id="alcoholInput"
          onChange={[Function]}
          type="checkbox"
        />
        <label
          className="form-check-label"
          htmlFor="alcoholInput"
          title=""
        >
          Do you have history of issue with alcohol?
        </label>
      </div>
    </div>
    <div
      className="checklist form-group"
      id="terminalIllnessCheck"
      name="terminalIllnessCheck"
    >
      <div
        className="form-check"
      >
        <input
          checked={false}
          className="form-check-input"
          disabled={false}
          id="terminalIllnessInput"
          onChange={[Function]}
          type="checkbox"
        />
        <label
          className="form-check-label"
          htmlFor="terminalIllnessInput"
          title=""
        >
          Do you have terminal illness (eg. final stage of cancer)?
        </label>
      </div>
    </div>
    <div
      className="mb-2"
    >
      <button
        className="btn btn-primary"
        disabled={false}
        id="submit"
        type="submit"
      >
        Submit
      </button>
       
      <button
        className="btn btn-secondary"
        disabled={false}
        onClick={[Function]}
        type="button"
      >
        Clear
      </button>
    </div>
  </form>
  <br />
  <div
    className="accordion"
  >
    <div
      className="card"
    >
      <div
        className="card-header"
      >
        <button
          className="btn btn-link"
          disabled={false}
          onClick={[Function]}
          type="button"
        >
          Thinking of travelling?
        </button>
      </div>
      <div
        aria-expanded={null}
        className="collapse"
      >
        <div
          className="card-body"
        >
          <div
            className="wFull card"
          >
            <div
              className="card-body"
            >
              <div
                className="card-title h5"
              >
                <p>
                  International doctors
                </p>
              </div>
              <div
                className="card-body"
              >
                <div
                  className="row"
                />
              </div>
            </div>
          </div>
          <div
            className="wFull card"
          >
            <div
              className="card-body"
            >
              <div
                className="card-title h5"
              >
                Exchange rates
              </div>
              <div
                className="card-body"
              >
                <div
                  className="row"
                />
                <div
                  className="block"
                >
                  Last updated: 
                  
                </div>
              </div>
            </div>
          </div>
        </div>
      </div>
    </div>
  </div>
</div>
`;
